{
  "projectName": "conditional-1",
  "functions": [
    {
      "name": "test",
      "cfg": {
        "nodes": [
          {
            "id": 145,
            "stmtID": 2000,
            "srcEdges": [],
            "dstEdges": [
              147
            ]
          },
          {
            "id": 146,
            "stmtID": 2007,
            "srcEdges": [
              147
            ],
            "dstEdges": [
              149,
              150,
              152
            ]
          },
          {
            "id": 148,
            "stmtID": 2006,
            "srcEdges": [
              149
            ],
            "dstEdges": []
          },
          {
            "id": 151,
            "stmtID": 2012,
            "srcEdges": [
              152
            ],
            "dstEdges": [
              154
            ]
          },
          {
            "id": 153,
            "stmtID": 2014,
            "srcEdges": [
              154
            ],
            "dstEdges": []
          }
        ],
        "edges": [
          {
            "id": 147,
            "src": 145,
            "dst": 146
          },
          {
            "id": 149,
            "src": 146,
            "dst": 148
          },
          {
            "id": 150,
            "src": 146,
            "dst": 2012
          },
          {
            "id": 152,
            "src": 146,
            "dst": 151
          },
          {
            "id": 154,
            "src": 151,
            "dst": 153
          }
        ]
      }
    }
  ],
  "contracts": []
}