{
  "projectName": "linear-flow-1",
  "functions": [
    {
      "name": "test",
      "cfg": {
        "nodes": [
          {
            "id": 299,
            "stmtID": 4012,
            "srcEdges": [],
            "dstEdges": [
              301
            ]
          },
          {
            "id": 300,
            "stmtID": 4015,
            "srcEdges": [
              301
            ],
            "dstEdges": [
              303
            ]
          },
          {
            "id": 302,
            "stmtID": 4020,
            "srcEdges": [
              303
            ],
            "dstEdges": [
              305
            ]
          },
          {
            "id": 304,
            "stmtID": 4022,
            "srcEdges": [
              305
            ],
            "dstEdges": []
          }
        ],
        "edges": [
          {
            "id": 301,
            "src": 299,
            "dst": 300
          },
          {
            "id": 303,
            "src": 300,
            "dst": 302
          },
          {
            "id": 305,
            "src": 302,
            "dst": 304
          }
        ]
      }
    }
  ],
  "contracts": []
}