test/good/zero-address.tact:3:23:
  2 |     init() {
> 3 |         newAddress(1, 0x000000000000000000000000000000000000000000000000);
                            ^
  4 |     }
Using Zero Address
Help: Consider changing code to avoid using it
See: https://nowarp.github.io/tools/misti/docs/detectors/ZeroAddress