test/good/imports-2/constants.tact:3:1:
  2 | const USED_IN_SECOND: Int = 2;
> 3 | const UNUSED: Int = 3;
      ^
  4 | 
Constant is never used
Help: Consider removing the constant
See: https://nowarp.github.io/docs/misti/docs/detectors/NeverAccessedVariables