[LOW] EtaLikeSimplifications: Simplify 'if' statement by returning the condition directly
test/detectors/EtaLikeSimplifications.tact:4:9:
  3 |     fun redundantIf(condition: Bool): Bool {
> 4 |         if (condition) {
              ^
  5 |             return true;
Help: return condition;
See: https://nowarp.io/tools/misti/docs/detectors/EtaLikeSimplifications

[LOW] EtaLikeSimplifications: Redundant comparison with boolean literal
test/detectors/EtaLikeSimplifications.tact:13:16:
  12 |     fun redundantComparison(a: Bool): Bool {
> 13 |         return a == true;
                      ^
  14 |     }
Help: a
See: https://nowarp.io/tools/misti/docs/detectors/EtaLikeSimplifications

[LOW] EtaLikeSimplifications: Simplify conditional expression by using the condition directly
test/detectors/EtaLikeSimplifications.tact:18:16:
  17 |     fun redundantTernary(b: Bool): Bool {
> 18 |         return b ? true : false;
                      ^
  19 |     }
Help: b
See: https://nowarp.io/tools/misti/docs/detectors/EtaLikeSimplifications