[HIGH] ExitCodeUsage: Exit code variable "code1" has value outside allowed range
test/detectors/ExitCodeUsage.tact:15:28:
  14 |          let code1: Int = 128;
> 15 |          nativeThrowUnless(code1, sender() == self.owner);
                                  ^
  16 | 
Exit codes 0-255 are reserved. Variable value: 128
Help: Use a value between 256 and 65535
See: https://nowarp.io/tools/misti/docs/detectors/ExitCodeUsage

[HIGH] ExitCodeUsage: Exit code variable "code2" has value outside allowed range
test/detectors/ExitCodeUsage.tact:20:28:
  19 |          code2 = code2 - 10;
> 20 |          nativeThrowUnless(code2, sender() == self.owner);
                                  ^
  21 | 
Exit codes 0-255 are reserved. Variable value: 246
Help: Use a value between 256 and 65535
See: https://nowarp.io/tools/misti/docs/detectors/ExitCodeUsage