[LOW] OptimalMathFunction: Use more gas-efficient function: pow2(3)
test/detectors/OptimalMathFunction.tact:10:5:
   9 |     // Suggest pow2:
> 10 |     pow(3, 2);
           ^
  11 |     pow(3, 1 + 1);
Help: Choose more gas-efficient function
See: https://nowarp.io/tools/misti/docs/detectors/OptimalMathFunction

[LOW] OptimalMathFunction: Use more gas-efficient function: pow2(3)
test/detectors/OptimalMathFunction.tact:11:5:
  10 |     pow(3, 2);
> 11 |     pow(3, 1 + 1);
           ^
  12 | 
Help: Choose more gas-efficient function
See: https://nowarp.io/tools/misti/docs/detectors/OptimalMathFunction