[MEDIUM] ReadOnlyVariables: Read-only variable
test/detectors/ReadOnlyVariables.tact:7:9:
  6 | fun test2() {
> 7 |     let a: Int = 10; // warning: read-only variable
              ^
  8 |     repeat (a) { /* do nothing */ }
Help: Consider creating a constant instead
See: https://nowarp.io/tools/misti/docs/detectors/ReadOnlyVariables

[MEDIUM] ReadOnlyVariables: Read-only variable
test/detectors/ReadOnlyVariables.tact:13:9:
  12 | fun test3() {
> 13 |     let a: Int = 42; // warning: read-only variable
               ^
  14 |     if (a == 42) {}
Help: Consider creating a constant instead
See: https://nowarp.io/tools/misti/docs/detectors/ReadOnlyVariables

[MEDIUM] ReadOnlyVariables: Read-only variable
test/detectors/ReadOnlyVariables.tact:18:9:
  17 | fun test4() {
> 18 |     let a: Int = 10; // warning: read-only variable
               ^
  19 |     if (a == 42) { /* do nothing */ }
Help: Consider creating a constant instead
See: https://nowarp.io/tools/misti/docs/detectors/ReadOnlyVariables