[MEDIUM] SendInLoop: Send function called inside a loop
test/detectors/SendInLoop.tact:6:13:
  5 |         while (i < 10) {
> 6 |             send(SendParameters{
                  ^
  7 |                 to: sender(),
Help: Consider refactoring to avoid calling send functions inside loops
See: https://nowarp.io/tools/misti/docs/detectors/SendInLoop

[MEDIUM] SendInLoop: Send function called inside a loop
test/detectors/SendInLoop.tact:16:13:
  15 |         repeat (10) {
> 16 |             send(SendParameters{
                   ^
  17 |                 to: sender(),
Help: Consider refactoring to avoid calling send functions inside loops
See: https://nowarp.io/tools/misti/docs/detectors/SendInLoop

[MEDIUM] SendInLoop: Send function called inside a loop
test/detectors/SendInLoop.tact:26:13:
  25 |         do {
> 26 |             send(SendParameters{
                   ^
  27 |                 to: sender(),
Help: Consider refactoring to avoid calling send functions inside loops
See: https://nowarp.io/tools/misti/docs/detectors/SendInLoop

[MEDIUM] SendInLoop: Send function called inside a loop
test/detectors/SendInLoop.tact:37:13:
  36 |         foreach (k, v in m) {
> 37 |             send(SendParameters{
                   ^
  38 |                 to: sender(),
Help: Consider refactoring to avoid calling send functions inside loops
See: https://nowarp.io/tools/misti/docs/detectors/SendInLoop

[MEDIUM] SendInLoop: Send function called inside a loop
test/detectors/SendInLoop.tact:48:17:
  47 |             repeat (10) {
> 48 |                 send(SendParameters{
                       ^
  49 |                     to: sender(),
Help: Consider refactoring to avoid calling send functions inside loops
See: https://nowarp.io/tools/misti/docs/detectors/SendInLoop

[MEDIUM] SendInLoop: Send function called inside a loop
test/detectors/SendInLoop.tact:80:19:
  79 |             i += 1;
> 80 |          let a =  send(SendParameters{
                         ^
  81 |                 to: self.owner,
Help: Consider refactoring to avoid calling send functions inside loops
See: https://nowarp.io/tools/misti/docs/detectors/SendInLoop

[MEDIUM] SendInLoop: Send function called inside a loop
test/detectors/SendInLoop.tact:93:13:
  92 |         while (i < 5) {
> 93 |             self.reply(Msg{ a: i }.toCell());
                   ^
  94 |             i = i + 1;
Help: Consider refactoring to avoid calling send functions inside loops
See: https://nowarp.io/tools/misti/docs/detectors/SendInLoop